Archive member included to satisfy reference by file (symbol)

/Applications/STM32CubeIDE.app/Contents/Eclipse/plugins/com.st.stm32cube.ide.mcu.externaltools.gnu-tools-for-stm32.9-2020-q2-update.macos64_2.0.0.202105311346/tools/bin/../lib/gcc/arm-none-eabi/9.3.1/../../../../arm-none-eabi/lib/thumb/v7e-m+fp/hard/libc_nano.a(lib_a-errno.o)
                              ./Core/Src/syscalls.o (__errno)
/Applications/STM32CubeIDE.app/Contents/Eclipse/plugins/com.st.stm32cube.ide.mcu.externaltools.gnu-tools-for-stm32.9-2020-q2-update.macos64_2.0.0.202105311346/tools/bin/../lib/gcc/arm-none-eabi/9.3.1/../../../../arm-none-eabi/lib/thumb/v7e-m+fp/hard/libc_nano.a(lib_a-exit.o)
                              /Applications/STM32CubeIDE.app/Contents/Eclipse/plugins/com.st.stm32cube.ide.mcu.externaltools.gnu-tools-for-stm32.9-2020-q2-update.macos64_2.0.0.202105311346/tools/bin/../lib/gcc/arm-none-eabi/9.3.1/../../../../arm-none-eabi/lib/thumb/v7e-m+fp/hard/crt0.o (exit)
/Applications/STM32CubeIDE.app/Contents/Eclipse/plugins/com.st.stm32cube.ide.mcu.externaltools.gnu-tools-for-stm32.9-2020-q2-update.macos64_2.0.0.202105311346/tools/bin/../lib/gcc/arm-none-eabi/9.3.1/../../../../arm-none-eabi/lib/thumb/v7e-m+fp/hard/libc_nano.a(lib_a-impure.o)
                              /Applications/STM32CubeIDE.app/Contents/Eclipse/plugins/com.st.stm32cube.ide.mcu.externaltools.gnu-tools-for-stm32.9-2020-q2-update.macos64_2.0.0.202105311346/tools/bin/../lib/gcc/arm-none-eabi/9.3.1/../../../../arm-none-eabi/lib/thumb/v7e-m+fp/hard/libc_nano.a(lib_a-exit.o) (_global_impure_ptr)
/Applications/STM32CubeIDE.app/Contents/Eclipse/plugins/com.st.stm32cube.ide.mcu.externaltools.gnu-tools-for-stm32.9-2020-q2-update.macos64_2.0.0.202105311346/tools/bin/../lib/gcc/arm-none-eabi/9.3.1/../../../../arm-none-eabi/lib/thumb/v7e-m+fp/hard/libc_nano.a(lib_a-init.o)
                              /Applications/STM32CubeIDE.app/Contents/Eclipse/plugins/com.st.stm32cube.ide.mcu.externaltools.gnu-tools-for-stm32.9-2020-q2-update.macos64_2.0.0.202105311346/tools/bin/../lib/gcc/arm-none-eabi/9.3.1/../../../../arm-none-eabi/lib/thumb/v7e-m+fp/hard/crt0.o (__libc_init_array)
/Applications/STM32CubeIDE.app/Contents/Eclipse/plugins/com.st.stm32cube.ide.mcu.externaltools.gnu-tools-for-stm32.9-2020-q2-update.macos64_2.0.0.202105311346/tools/bin/../lib/gcc/arm-none-eabi/9.3.1/../../../../arm-none-eabi/lib/thumb/v7e-m+fp/hard/libc_nano.a(lib_a-memset.o)
                              /Applications/STM32CubeIDE.app/Contents/Eclipse/plugins/com.st.stm32cube.ide.mcu.externaltools.gnu-tools-for-stm32.9-2020-q2-update.macos64_2.0.0.202105311346/tools/bin/../lib/gcc/arm-none-eabi/9.3.1/../../../../arm-none-eabi/lib/thumb/v7e-m+fp/hard/crt0.o (memset)
/Applications/STM32CubeIDE.app/Contents/Eclipse/plugins/com.st.stm32cube.ide.mcu.externaltools.gnu-tools-for-stm32.9-2020-q2-update.macos64_2.0.0.202105311346/tools/bin/../lib/gcc/arm-none-eabi/9.3.1/thumb/v7e-m+fp/hard/libgcc.a(_arm_muldf3.o)
                              ./Core/Src/pingpong.o (__aeabi_dmul)
/Applications/STM32CubeIDE.app/Contents/Eclipse/plugins/com.st.stm32cube.ide.mcu.externaltools.gnu-tools-for-stm32.9-2020-q2-update.macos64_2.0.0.202105311346/tools/bin/../lib/gcc/arm-none-eabi/9.3.1/thumb/v7e-m+fp/hard/libgcc.a(_arm_addsubdf3.o)
                              ./Core/Src/pingpong.o (__aeabi_ui2d)
/Applications/STM32CubeIDE.app/Contents/Eclipse/plugins/com.st.stm32cube.ide.mcu.externaltools.gnu-tools-for-stm32.9-2020-q2-update.macos64_2.0.0.202105311346/tools/bin/../lib/gcc/arm-none-eabi/9.3.1/thumb/v7e-m+fp/hard/libgcc.a(_arm_fixunsdfsi.o)
                              ./Core/Src/pingpong.o (__aeabi_d2uiz)
/Applications/STM32CubeIDE.app/Contents/Eclipse/plugins/com.st.stm32cube.ide.mcu.externaltools.gnu-tools-for-stm32.9-2020-q2-update.macos64_2.0.0.202105311346/tools/bin/../lib/gcc/arm-none-eabi/9.3.1/thumb/v7e-m+fp/hard/libgcc.a(_aeabi_uldivmod.o)
                              ./Drivers/STM32L4xx_HAL_Driver/Src/stm32l4xx_hal_uart.o (__aeabi_uldivmod)
/Applications/STM32CubeIDE.app/Contents/Eclipse/plugins/com.st.stm32cube.ide.mcu.externaltools.gnu-tools-for-stm32.9-2020-q2-update.macos64_2.0.0.202105311346/tools/bin/../lib/gcc/arm-none-eabi/9.3.1/thumb/v7e-m+fp/hard/libgcc.a(_udivmoddi4.o)
                              /Applications/STM32CubeIDE.app/Contents/Eclipse/plugins/com.st.stm32cube.ide.mcu.externaltools.gnu-tools-for-stm32.9-2020-q2-update.macos64_2.0.0.202105311346/tools/bin/../lib/gcc/arm-none-eabi/9.3.1/thumb/v7e-m+fp/hard/libgcc.a(_aeabi_uldivmod.o) (__udivmoddi4)
/Applications/STM32CubeIDE.app/Contents/Eclipse/plugins/com.st.stm32cube.ide.mcu.externaltools.gnu-tools-for-stm32.9-2020-q2-update.macos64_2.0.0.202105311346/tools/bin/../lib/gcc/arm-none-eabi/9.3.1/thumb/v7e-m+fp/hard/libgcc.a(_dvmd_tls.o)
[...]
Memory Configuration

Name             Origin             Length             Attributes
RAM              0x0000000020000000 0x0000000000018000 xrw
RAM2             0x0000000010000000 0x0000000000008000 xrw
FLASH            0x0000000008000000 0x0000000000100000 xr
*default*        0x0000000000000000 0xffffffffffffffff

Linker script and memory map

LOAD /Applications/STM32CubeIDE.app/Contents/Eclipse/plugins/com.st.stm32cube.ide.mcu.externaltools.gnu-tools-for-stm32.9-2020-q2-update.macos64_2.0.0.202105311346/tools/bin/../lib/gcc/arm-none-eabi/9.3.1/thumb/v7e-m+fp/hard/crti.o
LOAD /Applications/STM32CubeIDE.app/Contents/Eclipse/plugins/com.st.stm32cube.ide.mcu.externaltools.gnu-tools-for-stm32.9-2020-q2-update.macos64_2.0.0.202105311346/tools/bin/../lib/gcc/arm-none-eabi/9.3.1/thumb/v7e-m+fp/hard/crtbegin.o
LOAD /Applications/STM32CubeIDE.app/Contents/Eclipse/plugins/com.st.stm32cube.ide.mcu.externaltools.gnu-tools-for-stm32.9-2020-q2-update.macos64_2.0.0.202105311346/tools/bin/../lib/gcc/arm-none-eabi/9.3.1/../../../../arm-none-eabi/lib/thumb/v7e-m+fp/hard/crt0.o
LOAD ./Core/Src/clock.o
LOAD ./Core/Src/gpio.o
LOAD ./Core/Src/main.o
LOAD ./Core/Src/pingpong.o
LOAD ./Core/Src/pingpong_functions.o
LOAD ./Core/Src/stm32l4xx_hal_msp.o
LOAD ./Core/Src/stm32l4xx_it.o
LOAD ./Core/Src/syscalls.o
LOAD ./Core/Src/sysmem.o
LOAD ./Core/Src/system_stm32l4xx.o
LOAD ./Core/Src/test.o
LOAD ./Core/Src/usart.o
LOAD ./Core/Startup/startup_stm32l476rgtx.o
LOAD ./Drivers/STM32L4xx_HAL_Driver/Src/stm32l4xx_hal.o
LOAD ./Drivers/STM32L4xx_HAL_Driver/Src/stm32l4xx_hal_cortex.o
LOAD ./Drivers/STM32L4xx_HAL_Driver/Src/stm32l4xx_hal_dma.o
LOAD ./Drivers/STM32L4xx_HAL_Driver/Src/stm32l4xx_hal_dma_ex.o
LOAD ./Drivers/STM32L4xx_HAL_Driver/Src/stm32l4xx_hal_exti.o
LOAD ./Drivers/STM32L4xx_HAL_Driver/Src/stm32l4xx_hal_flash.o
LOAD ./Drivers/STM32L4xx_HAL_Driver/Src/stm32l4xx_hal_flash_ex.o
LOAD ./Drivers/STM32L4xx_HAL_Driver/Src/stm32l4xx_hal_flash_ramfunc.o
LOAD ./Drivers/STM32L4xx_HAL_Driver/Src/stm32l4xx_hal_gpio.o
LOAD ./Drivers/STM32L4xx_HAL_Driver/Src/stm32l4xx_hal_i2c.o
LOAD ./Drivers/STM32L4xx_HAL_Driver/Src/stm32l4xx_hal_i2c_ex.o
LOAD ./Drivers/STM32L4xx_HAL_Driver/Src/stm32l4xx_hal_pwr.o
LOAD ./Drivers/STM32L4xx_HAL_Driver/Src/stm32l4xx_hal_pwr_ex.o
LOAD ./Drivers/STM32L4xx_HAL_Driver/Src/stm32l4xx_hal_rcc.o
LOAD ./Drivers/STM32L4xx_HAL_Driver/Src/stm32l4xx_hal_rcc_ex.o
LOAD ./Drivers/STM32L4xx_HAL_Driver/Src/stm32l4xx_hal_tim.o
LOAD ./Drivers/STM32L4xx_HAL_Driver/Src/stm32l4xx_hal_tim_ex.o
LOAD ./Drivers/STM32L4xx_HAL_Driver/Src/stm32l4xx_hal_uart.o
LOAD ./Drivers/STM32L4xx_HAL_Driver/Src/stm32l4xx_hal_uart_ex.o
START GROUP
LOAD /Applications/STM32CubeIDE.app/Contents/Eclipse/plugins/com.st.stm32cube.ide.mcu.externaltools.gnu-tools-for-stm32.9-2020-q2-update.macos64_2.0.0.202105311346/tools/bin/../lib/gcc/arm-none-eabi/9.3.1/../../../../arm-none-eabi/lib/thumb/v7e-m+fp/hard/libc_nano.a
LOAD /Applications/STM32CubeIDE.app/Contents/Eclipse/plugins/com.st.stm32cube.ide.mcu.externaltools.gnu-tools-for-stm32.9-2020-q2-update.macos64_2.0.0.202105311346/tools/bin/../lib/gcc/arm-none-eabi/9.3.1/../../../../arm-none-eabi/lib/thumb/v7e-m+fp/hard/libm.a
END GROUP
START GROUP
LOAD /Applications/STM32CubeIDE.app/Contents/Eclipse/plugins/com.st.stm32cube.ide.mcu.externaltools.gnu-tools-for-stm32.9-2020-q2-update.macos64_2.0.0.202105311346/tools/bin/../lib/gcc/arm-none-eabi/9.3.1/thumb/v7e-m+fp/hard/libgcc.a
LOAD /Applications/STM32CubeIDE.app/Contents/Eclipse/plugins/com.st.stm32cube.ide.mcu.externaltools.gnu-tools-for-stm32.9-2020-q2-update.macos64_2.0.0.202105311346/tools/bin/../lib/gcc/arm-none-eabi/9.3.1/../../../../arm-none-eabi/lib/thumb/v7e-m+fp/hard/libc_nano.a
END GROUP
START GROUP
LOAD /Applications/STM32CubeIDE.app/Contents/Eclipse/plugins/com.st.stm32cube.ide.mcu.externaltools.gnu-tools-for-stm32.9-2020-q2-update.macos64_2.0.0.202105311346/tools/bin/../lib/gcc/arm-none-eabi/9.3.1/thumb/v7e-m+fp/hard/libgcc.a
LOAD /Applications/STM32CubeIDE.app/Contents/Eclipse/plugins/com.st.stm32cube.ide.mcu.externaltools.gnu-tools-for-stm32.9-2020-q2-update.macos64_2.0.0.202105311346/tools/bin/../lib/gcc/arm-none-eabi/9.3.1/../../../../arm-none-eabi/lib/thumb/v7e-m+fp/hard/libc_nano.a
LOAD /Applications/STM32CubeIDE.app/Contents/Eclipse/plugins/com.st.stm32cube.ide.mcu.externaltools.gnu-tools-for-stm32.9-2020-q2-update.macos64_2.0.0.202105311346/tools/bin/../lib/gcc/arm-none-eabi/9.3.1/../../../../arm-none-eabi/lib/thumb/v7e-m+fp/hard/libnosys.a
END GROUP
START GROUP
LOAD /Applications/STM32CubeIDE.app/Contents/Eclipse/plugins/com.st.stm32cube.ide.mcu.externaltools.gnu-tools-for-stm32.9-2020-q2-update.macos64_2.0.0.202105311346/tools/bin/../lib/gcc/arm-none-eabi/9.3.1/thumb/v7e-m+fp/hard/libgcc.a
LOAD /Applications/STM32CubeIDE.app/Contents/Eclipse/plugins/com.st.stm32cube.ide.mcu.externaltools.gnu-tools-for-stm32.9-2020-q2-update.macos64_2.0.0.202105311346/tools/bin/../lib/gcc/arm-none-eabi/9.3.1/../../../../arm-none-eabi/lib/thumb/v7e-m+fp/hard/libc_nano.a
LOAD /Applications/STM32CubeIDE.app/Contents/Eclipse/plugins/com.st.stm32cube.ide.mcu.externaltools.gnu-tools-for-stm32.9-2020-q2-update.macos64_2.0.0.202105311346/tools/bin/../lib/gcc/arm-none-eabi/9.3.1/../../../../arm-none-eabi/lib/thumb/v7e-m+fp/hard/libnosys.a
END GROUP
LOAD /Applications/STM32CubeIDE.app/Contents/Eclipse/plugins/com.st.stm32cube.ide.mcu.externaltools.gnu-tools-for-stm32.9-2020-q2-update.macos64_2.0.0.202105311346/tools/bin/../lib/gcc/arm-none-eabi/9.3.1/thumb/v7e-m+fp/hard/crtend.o
LOAD /Applications/STM32CubeIDE.app/Contents/Eclipse/plugins/com.st.stm32cube.ide.mcu.externaltools.gnu-tools-for-stm32.9-2020-q2-update.macos64_2.0.0.202105311346/tools/bin/../lib/gcc/arm-none-eabi/9.3.1/thumb/v7e-m+fp/hard/crtn.o
                0x0000000020018000                _estack = (ORIGIN (RAM) + LENGTH (RAM))
                0x0000000000000200                _Min_Heap_Size = 0x200
                0x0000000000000400                _Min_Stack_Size = 0x400

.isr_vector     0x0000000008000000      0x188
                0x0000000008000000                . = ALIGN (0x4)
 *(.isr_vector)
 .isr_vector    0x0000000008000000      0x188 ./Core/Startup/startup_stm32l476rgtx.o
                0x0000000008000000                g_pfnVectors
                0x0000000008000188                . = ALIGN (0x4)

.text           0x0000000008000188     0x386c
                0x0000000008000188                . = ALIGN (0x4)
 *(.text)
 .text          0x0000000008000188       0x40 /Applications/STM32CubeIDE.app/Contents/Eclipse/plugins/com.st.stm32cube.ide.mcu.externaltools.gnu-tools-for-stm32.9-2020-q2-update.macos64_2.0.0.202105311346/tools/bin/../lib/gcc/arm-none-eabi/9.3.1/thumb/v7e-m+fp/hard/crtbegin.o
 .text          0x00000000080001c8      0x254 /Applications/STM32CubeIDE.app/Contents/Eclipse/plugins/com.st.stm32cube.ide.mcu.externaltools.gnu-tools-for-stm32.9-2020-q2-update.macos64_2.0.0.202105311346/tools/bin/../lib/gcc/arm-none-eabi/9.3.1/thumb/v7e-m+fp/hard/libgcc.a(_arm_muldf3.o)
                0x00000000080001c8                __aeabi_dmul
                0x00000000080001c8                __muldf3
 .text          0x000000000800041c      0x378 /Applications/STM32CubeIDE.app/Contents/Eclipse/plugins/com.st.stm32cube.ide.mcu.externaltools.gnu-tools-for-stm32.9-2020-q2-update.macos64_2.0.0.202105311346/tools/bin/../lib/gcc/arm-none-eabi/9.3.1/thumb/v7e-m+fp/hard/libgcc.a(_arm_addsubdf3.o)
                0x000000000800041c                __aeabi_drsub
                0x0000000008000424                __subdf3
                0x0000000008000424                __aeabi_dsub
                0x0000000008000428                __aeabi_dadd
                0x0000000008000428                __adddf3
                0x00000000080006a0                __aeabi_ui2d
                0x00000000080006a0                __floatunsidf
                0x00000000080006c0                __floatsidf
                0x00000000080006c0                __aeabi_i2d
                0x00000000080006e4                __extendsfdf2
                0x00000000080006e4                __aeabi_f2d
                0x0000000008000728                __aeabi_ul2d
                0x0000000008000728                __floatundidf
                0x0000000008000738                __aeabi_l2d
                0x0000000008000738                __floatdidf
 .text          0x0000000008000794       0x40 /Applications/STM32CubeIDE.app/Contents/Eclipse/plugins/com.st.stm32cube.ide.mcu.externaltools.gnu-tools-for-stm32.9-2020-q2-update.macos64_2.0.0.202105311346/tools/bin/../lib/gcc/arm-none-eabi/9.3.1/thumb/v7e-m+fp/hard/libgcc.a(_arm_fixunsdfsi.o)
                0x0000000008000794                __fixunsdfsi
                0x0000000008000794                __aeabi_d2uiz
 .text          0x00000000080007d4       0x30 /Applications/STM32CubeIDE.app/Contents/Eclipse/plugins/com.st.stm32cube.ide.mcu.externaltools.gnu-tools-for-stm32.9-2020-q2-update.macos64_2.0.0.202105311346/tools/bin/../lib/gcc/arm-none-eabi/9.3.1/thumb/v7e-m+fp/hard/libgcc.a(_aeabi_uldivmod.o)
                0x00000000080007d4                __aeabi_uldivmod
 .text          0x0000000008000804      0x2c4 /Applications/STM32CubeIDE.app/Contents/Eclipse/plugins/com.st.stm32cube.ide.mcu.externaltools.gnu-tools-for-stm32.9-2020-q2-update.macos64_2.0.0.202105311346/tools/bin/../lib/gcc/arm-none-eabi/9.3.1/thumb/v7e-m+fp/hard/libgcc.a(_udivmoddi4.o)
                0x0000000008000804                __udivmoddi4
 .text          0x0000000008000ac8        0x4 /Applications/STM32CubeIDE.app/Contents/Eclipse/plugins/com.st.stm32cube.ide.mcu.externaltools.gnu-tools-for-stm32.9-2020-q2-update.macos64_2.0.0.202105311346/tools/bin/../lib/gcc/arm-none-eabi/9.3.1/thumb/v7e-m+fp/hard/libgcc.a(_dvmd_tls.o)
                0x0000000008000ac8                __aeabi_ldiv0
                0x0000000008000ac8                __aeabi_idiv0
 *(.text*)
 .text.SystemClock_Config
                0x0000000008000acc       0xa2 ./Core/Src/clock.o
                0x0000000008000acc                SystemClock_Config
 .text.Error_Handler
                0x0000000008000b6e        0xa ./Core/Src/clock.o
                0x0000000008000b6e                Error_Handler
 .text.MX_GPIO_Init
                0x0000000008000b78      0x15c ./Core/Src/gpio.o
                0x0000000008000b78                MX_GPIO_Init
 .text.main     0x0000000008000cd4       0x34 ./Core/Src/main.o
                0x0000000008000cd4                main
 .text.Pingpong
                0x0000000008000d08      0x344 ./Core/Src/pingpong.o
                0x0000000008000d08                Pingpong
 .text.show_points
                0x000000000800104c       0x7a ./Core/Src/pingpong_functions.o
                0x000000000800104c                show_points
 *fill*         0x00000000080010c6        0x2 
 .text.led_on   0x00000000080010c8       0x44 ./Core/Src/pingpong_functions.o
                0x00000000080010c8                led_on
 .text.led_off  0x000000000800110c       0x44 ./Core/Src/pingpong_functions.o
                0x000000000800110c                led_off
 .text.l_hit    0x0000000008001150       0x24 ./Core/Src/pingpong_functions.o
                0x0000000008001150                l_hit
 .text.r_hit    0x0000000008001174       0x24 ./Core/Src/pingpong_functions.o
                0x0000000008001174                r_hit
 .text.valid_lednr
                0x0000000008001198       0x28 ./Core/Src/pingpong_functions.o
                0x0000000008001198                valid_lednr
 .text.HAL_MspInit
                0x00000000080011c0       0x48 ./Core/Src/stm32l4xx_hal_msp.o
                0x00000000080011c0                HAL_MspInit
 .text.NMI_Handler
                0x0000000008001208        0x6 ./Core/Src/stm32l4xx_it.o
                0x0000000008001208                NMI_Handler
 .text.HardFault_Handler
                0x000000000800120e        0x6 ./Core/Src/stm32l4xx_it.o
                0x000000000800120e                HardFault_Handler
 .text.MemManage_Handler
                0x0000000008001214        0x6 ./Core/Src/stm32l4xx_it.o
                0x0000000008001214                MemManage_Handler
 .text.BusFault_Handler
                0x000000000800121a        0x6 ./Core/Src/stm32l4xx_it.o
                0x000000000800121a                BusFault_Handler
 .text.UsageFault_Handler
                0x0000000008001220        0x6 ./Core/Src/stm32l4xx_it.o
                0x0000000008001220                UsageFault_Handler
 .text.SVC_Handler
                0x0000000008001226        0xe ./Core/Src/stm32l4xx_it.o
                0x0000000008001226                SVC_Handler
 .text.DebugMon_Handler
                0x0000000008001234        0xe ./Core/Src/stm32l4xx_it.o
                0x0000000008001234                DebugMon_Handler
 .text.PendSV_Handler
                0x0000000008001242        0xe ./Core/Src/stm32l4xx_it.o
                0x0000000008001242                PendSV_Handler
 .text.SysTick_Handler
                0x0000000008001250        0xc ./Core/Src/stm32l4xx_it.o
                0x0000000008001250                SysTick_Handler
 .text.SystemInit
                0x000000000800125c       0x64 ./Core/Src/system_stm32l4xx.o
                0x000000000800125c                SystemInit
 .text.MX_USART2_UART_Init
                0x00000000080012c0       0x60 ./Core/Src/usart.o
                0x00000000080012c0                MX_USART2_UART_Init
 .text.HAL_UART_MspInit
                0x0000000008001320       0xb8 ./Core/Src/usart.o
                0x0000000008001320                HAL_UART_MspInit
 .text.Reset_Handler
                0x00000000080013d8       0x50 ./Core/Startup/startup_stm32l476rgtx.o
                0x00000000080013d8                Reset_Handler
 .text.Default_Handler
                0x0000000008001428        0x2 ./Core/Startup/startup_stm32l476rgtx.o
                0x0000000008001428                TIM1_BRK_TIM15_IRQHandler
                0x0000000008001428                EXTI2_IRQHandler
                0x0000000008001428                TIM8_TRG_COM_IRQHandler
                0x0000000008001428                TIM8_CC_IRQHandler
                0x0000000008001428                TIM1_CC_IRQHandler
                0x0000000008001428                TSC_IRQHandler
                0x0000000008001428                TAMP_STAMP_IRQHandler
                0x0000000008001428                EXTI3_IRQHandler
                0x0000000008001428                LPTIM2_IRQHandler
                0x0000000008001428                DFSDM1_FLT1_IRQHandler
                0x0000000008001428                I2C3_ER_IRQHandler
                0x0000000008001428                DFSDM1_FLT2_IRQHandler
                0x0000000008001428                EXTI0_IRQHandler
                0x0000000008001428                I2C2_EV_IRQHandler
                0x0000000008001428                CAN1_RX0_IRQHandler
                0x0000000008001428                FPU_IRQHandler
                0x0000000008001428                TIM1_UP_TIM16_IRQHandler
                0x0000000008001428                ADC1_2_IRQHandler
                0x0000000008001428                SPI1_IRQHandler
                0x0000000008001428                TIM6_DAC_IRQHandler
                0x0000000008001428                TIM8_UP_IRQHandler
                0x0000000008001428                DMA2_Channel2_IRQHandler
                0x0000000008001428                DMA1_Channel4_IRQHandler
                0x0000000008001428                SAI2_IRQHandler
                0x0000000008001428                DFSDM1_FLT3_IRQHandler
                0x0000000008001428                USART3_IRQHandler
                0x0000000008001428                DMA1_Channel7_IRQHandler
                0x0000000008001428                CAN1_RX1_IRQHandler
                0x0000000008001428                LCD_IRQHandler
                0x0000000008001428                UART5_IRQHandler
                0x0000000008001428                ADC3_IRQHandler
                0x0000000008001428                TIM4_IRQHandler
                0x0000000008001428                DMA2_Channel1_IRQHandler
                0x0000000008001428                QUADSPI_IRQHandler
                0x0000000008001428                I2C1_EV_IRQHandler
                0x0000000008001428                DMA1_Channel6_IRQHandler
                0x0000000008001428                UART4_IRQHandler
                0x0000000008001428                DMA2_Channel4_IRQHandler
                0x0000000008001428                TIM3_IRQHandler
                0x0000000008001428                RCC_IRQHandler
                0x0000000008001428                DMA1_Channel1_IRQHandler
                0x0000000008001428                Default_Handler
                0x0000000008001428                DMA2_Channel7_IRQHandler
                0x0000000008001428                EXTI15_10_IRQHandler
                0x0000000008001428                TIM7_IRQHandler
                0x0000000008001428                SDMMC1_IRQHandler
                0x0000000008001428                TIM5_IRQHandler
                0x0000000008001428                I2C3_EV_IRQHandler
                0x0000000008001428                EXTI9_5_IRQHandler
                0x0000000008001428                RTC_WKUP_IRQHandler
                0x0000000008001428                PVD_PVM_IRQHandler
                0x0000000008001428                SPI2_IRQHandler
                0x0000000008001428                CAN1_TX_IRQHandler
                0x0000000008001428                DMA2_Channel5_IRQHandler
                0x0000000008001428                DMA1_Channel5_IRQHandler
                0x0000000008001428                EXTI4_IRQHandler
                0x0000000008001428                RNG_IRQHandler
                0x0000000008001428                TIM1_TRG_COM_TIM17_IRQHandler
                0x0000000008001428                DMA1_Channel3_IRQHandler
                0x0000000008001428                COMP_IRQHandler
                0x0000000008001428                WWDG_IRQHandler
                0x0000000008001428                LPUART1_IRQHandler
                0x0000000008001428                DMA2_Channel6_IRQHandler
                0x0000000008001428                TIM2_IRQHandler
                0x0000000008001428                EXTI1_IRQHandler
                0x0000000008001428                USART2_IRQHandler
                0x0000000008001428                DFSDM1_FLT0_IRQHandler
                0x0000000008001428                I2C2_ER_IRQHandler
                0x0000000008001428                DMA1_Channel2_IRQHandler
                0x0000000008001428                TIM8_BRK_IRQHandler
                0x0000000008001428                CAN1_SCE_IRQHandler
                0x0000000008001428                FLASH_IRQHandler
                0x0000000008001428                USART1_IRQHandler
                0x0000000008001428                OTG_FS_IRQHandler
                0x0000000008001428                SPI3_IRQHandler
                0x0000000008001428                I2C1_ER_IRQHandler
                0x0000000008001428                FMC_IRQHandler
                0x0000000008001428                SWPMI1_IRQHandler
                0x0000000008001428                LPTIM1_IRQHandler
                0x0000000008001428                SAI1_IRQHandler
                0x0000000008001428                DMA2_Channel3_IRQHandler
                0x0000000008001428                RTC_Alarm_IRQHandler
 *fill*         0x000000000800142a        0x2 
 .text.HAL_Init
                0x000000000800142c       0x40 ./Drivers/STM32L4xx_HAL_Driver/Src/stm32l4xx_hal.o
                0x000000000800142c                HAL_Init
 .text.HAL_InitTick
                0x000000000800146c       0x78 ./Drivers/STM32L4xx_HAL_Driver/Src/stm32l4xx_hal.o
                0x000000000800146c                HAL_InitTick
 .text.HAL_IncTick
                0x00000000080014e4       0x28 ./Drivers/STM32L4xx_HAL_Driver/Src/stm32l4xx_hal.o
                0x00000000080014e4                HAL_IncTick
 .text.HAL_GetTick
                0x000000000800150c       0x18 ./Drivers/STM32L4xx_HAL_Driver/Src/stm32l4xx_hal.o
                0x000000000800150c                HAL_GetTick
 .text.HAL_Delay
                0x0000000008001524       0x48 ./Drivers/STM32L4xx_HAL_Driver/Src/stm32l4xx_hal.o
                0x0000000008001524                HAL_Delay
 .text.__NVIC_SetPriorityGrouping
                0x000000000800156c       0x48 ./Drivers/STM32L4xx_HAL_Driver/Src/stm32l4xx_hal_cortex.o
 .text.__NVIC_GetPriorityGrouping
                0x00000000080015b4       0x1c ./Drivers/STM32L4xx_HAL_Driver/Src/stm32l4xx_hal_cortex.o
 .text.__NVIC_SetPriority
                0x00000000080015d0       0x54 ./Drivers/STM32L4xx_HAL_Driver/Src/stm32l4xx_hal_cortex.o
 .text.NVIC_EncodePriority
                0x0000000008001624       0x66 ./Drivers/STM32L4xx_HAL_Driver/Src/stm32l4xx_hal_cortex.o
 *fill*         0x000000000800168a        0x2 
 .text.SysTick_Config
                0x000000000800168c       0x44 ./Drivers/STM32L4xx_HAL_Driver/Src/stm32l4xx_hal_cortex.o
 .text.HAL_NVIC_SetPriorityGrouping
                0x00000000080016d0       0x16 ./Drivers/STM32L4xx_HAL_Driver/Src/stm32l4xx_hal_cortex.o
                0x00000000080016d0                HAL_NVIC_SetPriorityGrouping
 .text.HAL_NVIC_SetPriority
                0x00000000080016e6       0x38 ./Drivers/STM32L4xx_HAL_Driver/Src/stm32l4xx_hal_cortex.o
                0x00000000080016e6                HAL_NVIC_SetPriority
 .text.HAL_SYSTICK_Config
                0x000000000800171e       0x18 ./Drivers/STM32L4xx_HAL_Driver/Src/stm32l4xx_hal_cortex.o
                0x000000000800171e                HAL_SYSTICK_Config
 *fill*         0x0000000008001736        0x2 
 .text.HAL_GPIO_Init
                0x0000000008001738      0x354 ./Drivers/STM32L4xx_HAL_Driver/Src/stm32l4xx_hal_gpio.o
                0x0000000008001738                HAL_GPIO_Init
 .text.HAL_GPIO_ReadPin
                0x0000000008001a8c       0x30 ./Drivers/STM32L4xx_HAL_Driver/Src/stm32l4xx_hal_gpio.o
                0x0000000008001a8c                HAL_GPIO_ReadPin
 .text.HAL_GPIO_WritePin
                0x0000000008001abc       0x30 ./Drivers/STM32L4xx_HAL_Driver/Src/stm32l4xx_hal_gpio.o
                0x0000000008001abc                HAL_GPIO_WritePin
 .text.HAL_PWREx_GetVoltageRange
                0x0000000008001aec       0x1c ./Drivers/STM32L4xx_HAL_Driver/Src/stm32l4xx_hal_pwr_ex.o
                0x0000000008001aec                HAL_PWREx_GetVoltageRange
 .text.HAL_PWREx_ControlVoltageScaling
                0x0000000008001b08       0xac ./Drivers/STM32L4xx_HAL_Driver/Src/stm32l4xx_hal_pwr_ex.o
                0x0000000008001b08                HAL_PWREx_ControlVoltageScaling
 .text.HAL_RCC_OscConfig
                0x0000000008001bb4      0x7cc ./Drivers/STM32L4xx_HAL_Driver/Src/stm32l4xx_hal_rcc.o
                0x0000000008001bb4                HAL_RCC_OscConfig
 .text.HAL_RCC_ClockConfig
                0x0000000008002380      0x1c4 ./Drivers/STM32L4xx_HAL_Driver/Src/stm32l4xx_hal_rcc.o
                0x0000000008002380                HAL_RCC_ClockConfig
 .text.HAL_RCC_GetSysClockFreq
                0x0000000008002544      0x118 ./Drivers/STM32L4xx_HAL_Driver/Src/stm32l4xx_hal_rcc.o
                0x0000000008002544                HAL_RCC_GetSysClockFreq
 .text.HAL_RCC_GetHCLKFreq
                0x000000000800265c       0x18 ./Drivers/STM32L4xx_HAL_Driver/Src/stm32l4xx_hal_rcc.o
                0x000000000800265c                HAL_RCC_GetHCLKFreq
 .text.HAL_RCC_GetPCLK1Freq
                0x0000000008002674       0x2c ./Drivers/STM32L4xx_HAL_Driver/Src/stm32l4xx_hal_rcc.o
                0x0000000008002674                HAL_RCC_GetPCLK1Freq
 .text.HAL_RCC_GetPCLK2Freq
                0x00000000080026a0       0x2c ./Drivers/STM32L4xx_HAL_Driver/Src/stm32l4xx_hal_rcc.o
                0x00000000080026a0                HAL_RCC_GetPCLK2Freq
 .text.RCC_SetFlashLatencyFromMSIRange
                0x00000000080026cc       0xc0 ./Drivers/STM32L4xx_HAL_Driver/Src/stm32l4xx_hal_rcc.o
 .text.HAL_RCCEx_PeriphCLKConfig
                0x000000000800278c      0x5d4 ./Drivers/STM32L4xx_HAL_Driver/Src/stm32l4xx_hal_rcc_ex.o
                0x000000000800278c                HAL_RCCEx_PeriphCLKConfig
 .text.RCCEx_PLLSAI1_Config
                0x0000000008002d60      0x1e8 ./Drivers/STM32L4xx_HAL_Driver/Src/stm32l4xx_hal_rcc_ex.o
 .text.RCCEx_PLLSAI2_Config
                0x0000000008002f48      0x1bc ./Drivers/STM32L4xx_HAL_Driver/Src/stm32l4xx_hal_rcc_ex.o
 .text.HAL_UART_Init
                0x0000000008003104       0x9c ./Drivers/STM32L4xx_HAL_Driver/Src/stm32l4xx_hal_uart.o
                0x0000000008003104                HAL_UART_Init
 .text.UART_SetConfig
                0x00000000080031a0      0x514 ./Drivers/STM32L4xx_HAL_Driver/Src/stm32l4xx_hal_uart.o
                0x00000000080031a0                UART_SetConfig
 .text.UART_AdvFeatureConfig
                0x00000000080036b4      0x144 ./Drivers/STM32L4xx_HAL_Driver/Src/stm32l4xx_hal_uart.o
                0x00000000080036b4                UART_AdvFeatureConfig
 .text.UART_CheckIdleState
                0x00000000080037f8       0x92 ./Drivers/STM32L4xx_HAL_Driver/Src/stm32l4xx_hal_uart.o
                0x00000000080037f8                UART_CheckIdleState
 .text.UART_WaitOnFlagUntilTimeout
                0x000000000800388a       0xf8 ./Drivers/STM32L4xx_HAL_Driver/Src/stm32l4xx_hal_uart.o
                0x000000000800388a                UART_WaitOnFlagUntilTimeout
 *fill*         0x0000000008003982        0x2 
 .text.__libc_init_array
                0x0000000008003984       0x48 /Applications/STM32CubeIDE.app/Contents/Eclipse/plugins/com.st.stm32cube.ide.mcu.externaltools.gnu-tools-for-stm32.9-2020-q2-update.macos64_2.0.0.202105311346/tools/bin/../lib/gcc/arm-none-eabi/9.3.1/../../../../arm-none-eabi/lib/thumb/v7e-m+fp/hard/libc_nano.a(lib_a-init.o)
                0x0000000008003984                __libc_init_array
 .text.memset   0x00000000080039cc       0x10 /Applications/STM32CubeIDE.app/Contents/Eclipse/plugins/com.st.stm32cube.ide.mcu.externaltools.gnu-tools-for-stm32.9-2020-q2-update.macos64_2.0.0.202105311346/tools/bin/../lib/gcc/arm-none-eabi/9.3.1/../../../../arm-none-eabi/lib/thumb/v7e-m+fp/hard/libc_nano.a(lib_a-memset.o)
                0x00000000080039cc                memset
 *(.glue_7)
 .glue_7        0x00000000080039dc        0x0 linker stubs
 *(.glue_7t)
 .glue_7t       0x00000000080039dc        0x0 linker stubs
 *(.eh_frame)
 .eh_frame      0x00000000080039dc        0x0 /Applications/STM32CubeIDE.app/Contents/Eclipse/plugins/com.st.stm32cube.ide.mcu.externaltools.gnu-tools-for-stm32.9-2020-q2-update.macos64_2.0.0.202105311346/tools/bin/../lib/gcc/arm-none-eabi/9.3.1/thumb/v7e-m+fp/hard/crtbegin.o
 *(.init)
 .init          0x00000000080039dc        0x4 /Applications/STM32CubeIDE.app/Contents/Eclipse/plugins/com.st.stm32cube.ide.mcu.externaltools.gnu-tools-for-stm32.9-2020-q2-update.macos64_2.0.0.202105311346/tools/bin/../lib/gcc/arm-none-eabi/9.3.1/thumb/v7e-m+fp/hard/crti.o
                0x00000000080039dc                _init
 .init          0x00000000080039e0        0x8 /Applications/STM32CubeIDE.app/Contents/Eclipse/plugins/com.st.stm32cube.ide.mcu.externaltools.gnu-tools-for-stm32.9-2020-q2-update.macos64_2.0.0.202105311346/tools/bin/../lib/gcc/arm-none-eabi/9.3.1/thumb/v7e-m+fp/hard/crtn.o
 *(.fini)
 .fini          0x00000000080039e8        0x4 /Applications/STM32CubeIDE.app/Contents/Eclipse/plugins/com.st.stm32cube.ide.mcu.externaltools.gnu-tools-for-stm32.9-2020-q2-update.macos64_2.0.0.202105311346/tools/bin/../lib/gcc/arm-none-eabi/9.3.1/thumb/v7e-m+fp/hard/crti.o
                0x00000000080039e8                _fini
 .fini          0x00000000080039ec        0x8 /Applications/STM32CubeIDE.app/Contents/Eclipse/plugins/com.st.stm32cube.ide.mcu.externaltools.gnu-tools-for-stm32.9-2020-q2-update.macos64_2.0.0.202105311346/tools/bin/../lib/gcc/arm-none-eabi/9.3.1/thumb/v7e-m+fp/hard/crtn.o
                0x00000000080039f4                . = ALIGN (0x4)
                0x00000000080039f4                _etext = .

.vfp11_veneer   0x00000000080039f4        0x0
 .vfp11_veneer  0x00000000080039f4        0x0 linker stubs

.v4_bx          0x00000000080039f4        0x0
 .v4_bx         0x00000000080039f4        0x0 linker stubs

.iplt           0x00000000080039f4        0x0
 .iplt          0x00000000080039f4        0x0 /Applications/STM32CubeIDE.app/Contents/Eclipse/plugins/com.st.stm32cube.ide.mcu.externaltools.gnu-tools-for-stm32.9-2020-q2-update.macos64_2.0.0.202105311346/tools/bin/../lib/gcc/arm-none-eabi/9.3.1/thumb/v7e-m+fp/hard/crtbegin.o

.rodata         0x00000000080039f4       0x48
                0x00000000080039f4                . = ALIGN (0x4)
 *(.rodata)
 *(.rodata*)
 .rodata.AHBPrescTable
                0x00000000080039f4       0x10 ./Core/Src/system_stm32l4xx.o
                0x00000000080039f4                AHBPrescTable
 .rodata.APBPrescTable
                0x0000000008003a04        0x8 ./Core/Src/system_stm32l4xx.o
                0x0000000008003a04                APBPrescTable
 .rodata.MSIRangeTable
                0x0000000008003a0c       0x30 ./Core/Src/system_stm32l4xx.o
                0x0000000008003a0c                MSIRangeTable
                0x0000000008003a3c                . = ALIGN (0x4)

.ARM.extab      0x0000000008003a3c        0x0
                0x0000000008003a3c                . = ALIGN (0x4)
 *(.ARM.extab* .gnu.linkonce.armextab.*)
                0x0000000008003a3c                . = ALIGN (0x4)

.ARM            0x0000000008003a3c        0x8
                0x0000000008003a3c                . = ALIGN (0x4)
                0x0000000008003a3c                __exidx_start = .
 *(.ARM.exidx*)
 .ARM.exidx     0x0000000008003a3c        0x8 /Applications/STM32CubeIDE.app/Contents/Eclipse/plugins/com.st.stm32cube.ide.mcu.externaltools.gnu-tools-for-stm32.9-2020-q2-update.macos64_2.0.0.202105311346/tools/bin/../lib/gcc/arm-none-eabi/9.3.1/thumb/v7e-m+fp/hard/libgcc.a(_udivmoddi4.o)
                0x0000000008003a44                __exidx_end = .
                0x0000000008003a44                . = ALIGN (0x4)

.rel.dyn        0x0000000008003a44        0x0
 .rel.iplt      0x0000000008003a44        0x0 /Applications/STM32CubeIDE.app/Contents/Eclipse/plugins/com.st.stm32cube.ide.mcu.externaltools.gnu-tools-for-stm32.9-2020-q2-update.macos64_2.0.0.202105311346/tools/bin/../lib/gcc/arm-none-eabi/9.3.1/thumb/v7e-m+fp/hard/crtbegin.o

.preinit_array  0x0000000008003a44        0x0
                0x0000000008003a44                . = ALIGN (0x4)
                0x0000000008003a44                PROVIDE (__preinit_array_start = .)
 *(.preinit_array*)
                0x0000000008003a44                PROVIDE (__preinit_array_end = .)
                0x0000000008003a44                . = ALIGN (0x4)

.init_array     0x0000000008003a44        0x4
                0x0000000008003a44                . = ALIGN (0x4)
                0x0000000008003a44                PROVIDE (__init_array_start = .)
 *(SORT_BY_NAME(.init_array.*))
 *(.init_array*)
 .init_array    0x0000000008003a44        0x4 /Applications/STM32CubeIDE.app/Contents/Eclipse/plugins/com.st.stm32cube.ide.mcu.externaltools.gnu-tools-for-stm32.9-2020-q2-update.macos64_2.0.0.202105311346/tools/bin/../lib/gcc/arm-none-eabi/9.3.1/thumb/v7e-m+fp/hard/crtbegin.o
                0x0000000008003a48                PROVIDE (__init_array_end = .)
                0x0000000008003a48                . = ALIGN (0x4)

.fini_array     0x0000000008003a48        0x4
                0x0000000008003a48                . = ALIGN (0x4)
                [!provide]                        PROVIDE (__fini_array_start = .)
 *(SORT_BY_NAME(.fini_array.*))
 *(.fini_array*)
 .fini_array    0x0000000008003a48        0x4 /Applications/STM32CubeIDE.app/Contents/Eclipse/plugins/com.st.stm32cube.ide.mcu.externaltools.gnu-tools-for-stm32.9-2020-q2-update.macos64_2.0.0.202105311346/tools/bin/../lib/gcc/arm-none-eabi/9.3.1/thumb/v7e-m+fp/hard/crtbegin.o
                [!provide]                        PROVIDE (__fini_array_end = .)
                0x0000000008003a4c                . = ALIGN (0x4)
                0x0000000008003a4c                _sidata = LOADADDR (.data)

.data           0x0000000020000000       0x3c load address 0x0000000008003a4c
                0x0000000020000000                . = ALIGN (0x4)
                0x0000000020000000                _sdata = .
 *(.data)
 *(.data*)
 .data.ports    0x0000000020000000       0x20 ./Core/Src/pingpong_functions.o
                0x0000000020000000                ports
 .data.pins     0x0000000020000020       0x10 ./Core/Src/pingpong_functions.o
                0x0000000020000020                pins
 .data.SystemCoreClock
                0x0000000020000030        0x4 ./Core/Src/system_stm32l4xx.o
                0x0000000020000030                SystemCoreClock
 .data.uwTickPrio
                0x0000000020000034        0x4 ./Drivers/STM32L4xx_HAL_Driver/Src/stm32l4xx_hal.o
                0x0000000020000034                uwTickPrio
 .data.uwTickFreq
                0x0000000020000038        0x1 ./Drivers/STM32L4xx_HAL_Driver/Src/stm32l4xx_hal.o
                0x0000000020000038                uwTickFreq
 *(.RamFunc)
 *(.RamFunc*)
                0x000000002000003c                . = ALIGN (0x4)
 *fill*         0x0000000020000039        0x3 
                0x000000002000003c                _edata = .

.igot.plt       0x000000002000003c        0x0 load address 0x0000000008003a88
 .igot.plt      0x000000002000003c        0x0 /Applications/STM32CubeIDE.app/Contents/Eclipse/plugins/com.st.stm32cube.ide.mcu.externaltools.gnu-tools-for-stm32.9-2020-q2-update.macos64_2.0.0.202105311346/tools/bin/../lib/gcc/arm-none-eabi/9.3.1/thumb/v7e-m+fp/hard/crtbegin.o
                0x000000002000003c                . = ALIGN (0x4)

.bss            0x000000002000003c       0xa8 load address 0x0000000008003a88
                0x000000002000003c                _sbss = .
                0x000000002000003c                __bss_start__ = _sbss
 *(.bss)
 .bss           0x000000002000003c       0x1c /Applications/STM32CubeIDE.app/Contents/Eclipse/plugins/com.st.stm32cube.ide.mcu.externaltools.gnu-tools-for-stm32.9-2020-q2-update.macos64_2.0.0.202105311346/tools/bin/../lib/gcc/arm-none-eabi/9.3.1/thumb/v7e-m+fp/hard/crtbegin.o
 *(.bss*)
 .bss.State     0x0000000020000058        0x1 ./Core/Src/pingpong.o
 *(COMMON)
 *fill*         0x0000000020000059        0x3 
 COMMON         0x000000002000005c       0x84 ./Core/Src/usart.o
                0x000000002000005c                huart2
 COMMON         0x00000000200000e0        0x4 ./Drivers/STM32L4xx_HAL_Driver/Src/stm32l4xx_hal.o
                0x00000000200000e0                uwTick
                0x00000000200000e4                . = ALIGN (0x4)
                0x00000000200000e4                _ebss = .
                0x00000000200000e4                __bss_end__ = _ebss

._user_heap_stack
                0x00000000200000e4      0x604 load address 0x0000000008003a88
                0x00000000200000e8                . = ALIGN (0x8)
 *fill*         0x00000000200000e4        0x4 
                [!provide]                        PROVIDE (end = .)
                0x00000000200000e8                PROVIDE (_end = .)
                0x00000000200002e8                . = (. + _Min_Heap_Size)
 *fill*         0x00000000200000e8      0x200 
                0x00000000200006e8                . = (. + _Min_Stack_Size)
 *fill*         0x00000000200002e8      0x400 
                0x00000000200006e8                . = ALIGN (0x8)

/DISCARD/
 libc.a(*)
 libm.a(*)
 libgcc.a(*)

.ARM.attributes
                0x0000000000000000       0x30
 *(.ARM.attributes)
 .ARM.attributes
                0x0000000000000000       0x1e /Applications/STM32CubeIDE.app/Contents/Eclipse/plugins/com.st.stm32cube.ide.mcu.externaltools.gnu-tools-for-stm32.9-2020-q2-update.macos64_2.0.0.202105311346/tools/bin/../lib/gcc/arm-none-eabi/9.3.1/thumb/v7e-m+fp/hard/crti.o
 .ARM.attributes
                0x000000000000001e       0x34 /Applications/STM32CubeIDE.app/Contents/Eclipse/plugins/com.st.stm32cube.ide.mcu.externaltools.gnu-tools-for-stm32.9-2020-q2-update.macos64_2.0.0.202105311346/tools/bin/../lib/gcc/arm-none-eabi/9.3.1/thumb/v7e-m+fp/hard/crtbegin.o
 .ARM.attributes
                0x0000000000000052       0x34 ./Core/Src/clock.o
 .ARM.attributes
                0x0000000000000086       0x34 ./Core/Src/gpio.o
 .ARM.attributes
                0x00000000000000ba       0x34 ./Core/Src/main.o
 .ARM.attributes
                0x00000000000000ee       0x34 ./Core/Src/pingpong.o
 .ARM.attributes
                0x0000000000000122       0x34 ./Core/Src/pingpong_functions.o
 .ARM.attributes
                0x0000000000000156       0x34 ./Core/Src/stm32l4xx_hal_msp.o
 .ARM.attributes
                0x000000000000018a       0x34 ./Core/Src/stm32l4xx_it.o
 .ARM.attributes
                0x00000000000001be       0x34 ./Core/Src/system_stm32l4xx.o
 .ARM.attributes
                0x00000000000001f2       0x34 ./Core/Src/usart.o
 .ARM.attributes
                0x0000000000000226       0x21 ./Core/Startup/startup_stm32l476rgtx.o
 .ARM.attributes
                0x0000000000000247       0x34 ./Drivers/STM32L4xx_HAL_Driver/Src/stm32l4xx_hal.o
 .ARM.attributes
                0x000000000000027b       0x34 ./Drivers/STM32L4xx_HAL_Driver/Src/stm32l4xx_hal_cortex.o
 .ARM.attributes
                0x00000000000002af       0x34 ./Drivers/STM32L4xx_HAL_Driver/Src/stm32l4xx_hal_gpio.o
 .ARM.attributes
                0x00000000000002e3       0x34 ./Drivers/STM32L4xx_HAL_Driver/Src/stm32l4xx_hal_pwr_ex.o
 .ARM.attributes
                0x0000000000000317       0x34 ./Drivers/STM32L4xx_HAL_Driver/Src/stm32l4xx_hal_rcc.o
 .ARM.attributes
                0x000000000000034b       0x34 ./Drivers/STM32L4xx_HAL_Driver/Src/stm32l4xx_hal_rcc_ex.o
 .ARM.attributes
                0x000000000000037f       0x34 ./Drivers/STM32L4xx_HAL_Driver/Src/stm32l4xx_hal_uart.o
 .ARM.attributes
                0x00000000000003b3       0x34 /Applications/STM32CubeIDE.app/Contents/Eclipse/plugins/com.st.stm32cube.ide.mcu.externaltools.gnu-tools-for-stm32.9-2020-q2-update.macos64_2.0.0.202105311346/tools/bin/../lib/gcc/arm-none-eabi/9.3.1/../../../../arm-none-eabi/lib/thumb/v7e-m+fp/hard/libc_nano.a(lib_a-init.o)
 .ARM.attributes
                0x00000000000003e7       0x34 /Applications/STM32CubeIDE.app/Contents/Eclipse/plugins/com.st.stm32cube.ide.mcu.externaltools.gnu-tools-for-stm32.9-2020-q2-update.macos64_2.0.0.202105311346/tools/bin/../lib/gcc/arm-none-eabi/9.3.1/../../../../arm-none-eabi/lib/thumb/v7e-m+fp/hard/libc_nano.a(lib_a-memset.o)
 .ARM.attributes
                0x000000000000041b       0x1e /Applications/STM32CubeIDE.app/Contents/Eclipse/plugins/com.st.stm32cube.ide.mcu.externaltools.gnu-tools-for-stm32.9-2020-q2-update.macos64_2.0.0.202105311346/tools/bin/../lib/gcc/arm-none-eabi/9.3.1/thumb/v7e-m+fp/hard/libgcc.a(_arm_muldf3.o)
 .ARM.attributes
                0x0000000000000439       0x1e /Applications/STM32CubeIDE.app/Contents/Eclipse/plugins/com.st.stm32cube.ide.mcu.externaltools.gnu-tools-for-stm32.9-2020-q2-update.macos64_2.0.0.202105311346/tools/bin/../lib/gcc/arm-none-eabi/9.3.1/thumb/v7e-m+fp/hard/libgcc.a(_arm_addsubdf3.o)
 .ARM.attributes
                0x0000000000000457       0x1e /Applications/STM32CubeIDE.app/Contents/Eclipse/plugins/com.st.stm32cube.ide.mcu.externaltools.gnu-tools-for-stm32.9-2020-q2-update.macos64_2.0.0.202105311346/tools/bin/../lib/gcc/arm-none-eabi/9.3.1/thumb/v7e-m+fp/hard/libgcc.a(_arm_fixunsdfsi.o)
 .ARM.attributes
                0x0000000000000475       0x1e /Applications/STM32CubeIDE.app/Contents/Eclipse/plugins/com.st.stm32cube.ide.mcu.externaltools.gnu-tools-for-stm32.9-2020-q2-update.macos64_2.0.0.202105311346/tools/bin/../lib/gcc/arm-none-eabi/9.3.1/thumb/v7e-m+fp/hard/libgcc.a(_aeabi_uldivmod.o)
 .ARM.attributes
                0x0000000000000493       0x34 /Applications/STM32CubeIDE.app/Contents/Eclipse/plugins/com.st.stm32cube.ide.mcu.externaltools.gnu-tools-for-stm32.9-2020-q2-update.macos64_2.0.0.202105311346/tools/bin/../lib/gcc/arm-none-eabi/9.3.1/thumb/v7e-m+fp/hard/libgcc.a(_udivmoddi4.o)
 .ARM.attributes
                0x00000000000004c7       0x1e /Applications/STM32CubeIDE.app/Contents/Eclipse/plugins/com.st.stm32cube.ide.mcu.externaltools.gnu-tools-for-stm32.9-2020-q2-update.macos64_2.0.0.202105311346/tools/bin/../lib/gcc/arm-none-eabi/9.3.1/thumb/v7e-m+fp/hard/libgcc.a(_dvmd_tls.o)
 .ARM.attributes
                0x00000000000004e5       0x1e /Applications/STM32CubeIDE.app/Contents/Eclipse/plugins/com.st.stm32cube.ide.mcu.externaltools.gnu-tools-for-stm32.9-2020-q2-update.macos64_2.0.0.202105311346/tools/bin/../lib/gcc/arm-none-eabi/9.3.1/thumb/v7e-m+fp/hard/crtn.o
OUTPUT(Pingpong.elf elf32-littlearm)
LOAD linker stubs
LOAD /Applications/STM32CubeIDE.app/Contents/Eclipse/plugins/com.st.stm32cube.ide.mcu.externaltools.gnu-tools-for-stm32.9-2020-q2-update.macos64_2.0.0.202105311346/tools/bin/../lib/gcc/arm-none-eabi/9.3.1/../../../../arm-none-eabi/lib/thumb/v7e-m+fp/hard/libc.a
LOAD /Applications/STM32CubeIDE.app/Contents/Eclipse/plugins/com.st.stm32cube.ide.mcu.externaltools.gnu-tools-for-stm32.9-2020-q2-update.macos64_2.0.0.202105311346/tools/bin/../lib/gcc/arm-none-eabi/9.3.1/../../../../arm-none-eabi/lib/thumb/v7e-m+fp/hard/libm.a
LOAD /Applications/STM32CubeIDE.app/Contents/Eclipse/plugins/com.st.stm32cube.ide.mcu.externaltools.gnu-tools-for-stm32.9-2020-q2-update.macos64_2.0.0.202105311346/tools/bin/../lib/gcc/arm-none-eabi/9.3.1/thumb/v7e-m+fp/hard/libgcc.a

.debug_info     0x0000000000000000     0xafe9
 .debug_info    0x0000000000000000      0xa69 ./Core/Src/clock.o
 .debug_info    0x0000000000000a69      0x6df ./Core/Src/gpio.o
 .debug_info    0x0000000000001148      0x966 ./Core/Src/main.o
 .debug_info    0x0000000000001aae      0x3dd ./Core/Src/pingpong.o
 .debug_info    0x0000000000001e8b      0x4fc ./Core/Src/pingpong_functions.o
 .debug_info    0x0000000000002387      0x545 ./Core/Src/stm32l4xx_hal_msp.o
 .debug_info    0x00000000000028cc      0x373 ./Core/Src/stm32l4xx_it.o
 .debug_info    0x0000000000002c3f      0x779 ./Core/Src/system_stm32l4xx.o
 .debug_info    0x00000000000033b8      0xec0 ./Core/Src/usart.o
 .debug_info    0x0000000000004278       0x22 ./Core/Startup/startup_stm32l476rgtx.o
 .debug_info    0x000000000000429a      0xddb ./Drivers/STM32L4xx_HAL_Driver/Src/stm32l4xx_hal.o
 .debug_info    0x0000000000005075     0x102e ./Drivers/STM32L4xx_HAL_Driver/Src/stm32l4xx_hal_cortex.o
 .debug_info    0x00000000000060a3      0xa5f ./Drivers/STM32L4xx_HAL_Driver/Src/stm32l4xx_hal_gpio.o
 .debug_info    0x0000000000006b02      0xbda ./Drivers/STM32L4xx_HAL_Driver/Src/stm32l4xx_hal_pwr_ex.o
 .debug_info    0x00000000000076dc      0xe0b ./Drivers/STM32L4xx_HAL_Driver/Src/stm32l4xx_hal_rcc.o
 .debug_info    0x00000000000084e7     0x103f ./Drivers/STM32L4xx_HAL_Driver/Src/stm32l4xx_hal_rcc_ex.o
 .debug_info    0x0000000000009526     0x1ac3 ./Drivers/STM32L4xx_HAL_Driver/Src/stm32l4xx_hal_uart.o

.debug_abbrev   0x0000000000000000     0x1c9f
 .debug_abbrev  0x0000000000000000      0x1ab ./Core/Src/clock.o
 .debug_abbrev  0x00000000000001ab      0x14e ./Core/Src/gpio.o
 .debug_abbrev  0x00000000000002f9      0x14b ./Core/Src/main.o
 .debug_abbrev  0x0000000000000444       0xf4 ./Core/Src/pingpong.o
 .debug_abbrev  0x0000000000000538      0x1ac ./Core/Src/pingpong_functions.o
 .debug_abbrev  0x00000000000006e4      0x13d ./Core/Src/stm32l4xx_hal_msp.o
 .debug_abbrev  0x0000000000000821       0xf2 ./Core/Src/stm32l4xx_it.o
 .debug_abbrev  0x0000000000000913      0x165 ./Core/Src/system_stm32l4xx.o
 .debug_abbrev  0x0000000000000a78      0x1bb ./Core/Src/usart.o
 .debug_abbrev  0x0000000000000c33       0x12 ./Core/Startup/startup_stm32l476rgtx.o
 .debug_abbrev  0x0000000000000c45      0x227 ./Drivers/STM32L4xx_HAL_Driver/Src/stm32l4xx_hal.o
 .debug_abbrev  0x0000000000000e6c      0x33c ./Drivers/STM32L4xx_HAL_Driver/Src/stm32l4xx_hal_cortex.o
 .debug_abbrev  0x00000000000011a8      0x1e8 ./Drivers/STM32L4xx_HAL_Driver/Src/stm32l4xx_hal_gpio.o
 .debug_abbrev  0x0000000000001390      0x1f3 ./Drivers/STM32L4xx_HAL_Driver/Src/stm32l4xx_hal_pwr_ex.o
 .debug_abbrev  0x0000000000001583      0x275 ./Drivers/STM32L4xx_HAL_Driver/Src/stm32l4xx_hal_rcc.o
 .debug_abbrev  0x00000000000017f8      0x268 ./Drivers/STM32L4xx_HAL_Driver/Src/stm32l4xx_hal_rcc_ex.o
 .debug_abbrev  0x0000000000001a60      0x23f ./Drivers/STM32L4xx_HAL_Driver/Src/stm32l4xx_hal_uart.o

.debug_aranges  0x0000000000000000      0x930
 .debug_aranges
                0x0000000000000000       0x28 ./Core/Src/clock.o
 .debug_aranges
                0x0000000000000028       0x20 ./Core/Src/gpio.o
 .debug_aranges
                0x0000000000000048       0x20 ./Core/Src/main.o
 .debug_aranges
                0x0000000000000068       0x20 ./Core/Src/pingpong.o
 .debug_aranges
                0x0000000000000088       0x48 ./Core/Src/pingpong_functions.o
 .debug_aranges
                0x00000000000000d0       0x20 ./Core/Src/stm32l4xx_hal_msp.o
 .debug_aranges
                0x00000000000000f0       0x60 ./Core/Src/stm32l4xx_it.o
 .debug_aranges
                0x0000000000000150       0x28 ./Core/Src/system_stm32l4xx.o
 .debug_aranges
                0x0000000000000178       0x30 ./Core/Src/usart.o
 .debug_aranges
                0x00000000000001a8       0x28 ./Core/Startup/startup_stm32l476rgtx.o
 .debug_aranges
                0x00000000000001d0      0x130 ./Drivers/STM32L4xx_HAL_Driver/Src/stm32l4xx_hal.o
 .debug_aranges
                0x0000000000000300      0x118 ./Drivers/STM32L4xx_HAL_Driver/Src/stm32l4xx_hal_cortex.o
 .debug_aranges
                0x0000000000000418       0x58 ./Drivers/STM32L4xx_HAL_Driver/Src/stm32l4xx_hal_gpio.o
 .debug_aranges
                0x0000000000000470      0x150 ./Drivers/STM32L4xx_HAL_Driver/Src/stm32l4xx_hal_pwr_ex.o
 .debug_aranges
                0x00000000000005c0       0x88 ./Drivers/STM32L4xx_HAL_Driver/Src/stm32l4xx_hal_rcc.o
 .debug_aranges
                0x0000000000000648       0xc0 ./Drivers/STM32L4xx_HAL_Driver/Src/stm32l4xx_hal_rcc_ex.o
 .debug_aranges
                0x0000000000000708      0x228 ./Drivers/STM32L4xx_HAL_Driver/Src/stm32l4xx_hal_uart.o

.debug_ranges   0x0000000000000000      0x858
 .debug_ranges  0x0000000000000000       0x18 ./Core/Src/clock.o
 .debug_ranges  0x0000000000000018       0x10 ./Core/Src/gpio.o
 .debug_ranges  0x0000000000000028       0x10 ./Core/Src/main.o
 .debug_ranges  0x0000000000000038       0x10 ./Core/Src/pingpong.o
 .debug_ranges  0x0000000000000048       0x38 ./Core/Src/pingpong_functions.o
 .debug_ranges  0x0000000000000080       0x10 ./Core/Src/stm32l4xx_hal_msp.o
 .debug_ranges  0x0000000000000090       0x50 ./Core/Src/stm32l4xx_it.o
 .debug_ranges  0x00000000000000e0       0x18 ./Core/Src/system_stm32l4xx.o
 .debug_ranges  0x00000000000000f8       0x20 ./Core/Src/usart.o
 .debug_ranges  0x0000000000000118       0x20 ./Core/Startup/startup_stm32l476rgtx.o
 .debug_ranges  0x0000000000000138      0x120 ./Drivers/STM32L4xx_HAL_Driver/Src/stm32l4xx_hal.o
 .debug_ranges  0x0000000000000258      0x108 ./Drivers/STM32L4xx_HAL_Driver/Src/stm32l4xx_hal_cortex.o
 .debug_ranges  0x0000000000000360       0x48 ./Drivers/STM32L4xx_HAL_Driver/Src/stm32l4xx_hal_gpio.o
 .debug_ranges  0x00000000000003a8      0x140 ./Drivers/STM32L4xx_HAL_Driver/Src/stm32l4xx_hal_pwr_ex.o
 .debug_ranges  0x00000000000004e8       0x78 ./Drivers/STM32L4xx_HAL_Driver/Src/stm32l4xx_hal_rcc.o
 .debug_ranges  0x0000000000000560       0xb0 ./Drivers/STM32L4xx_HAL_Driver/Src/stm32l4xx_hal_rcc_ex.o
 .debug_ranges  0x0000000000000610      0x248 ./Drivers/STM32L4xx_HAL_Driver/Src/stm32l4xx_hal_uart.o

.debug_macro    0x0000000000000000    0x25973
 .debug_macro   0x0000000000000000      0x1e8 ./Core/Src/clock.o
 .debug_macro   0x00000000000001e8      0xaa8 ./Core/Src/clock.o
 .debug_macro   0x0000000000000c90      0x1a7 ./Core/Src/clock.o
 .debug_macro   0x0000000000000e37       0x2e ./Core/Src/clock.o
 .debug_macro   0x0000000000000e65       0x28 ./Core/Src/clock.o
 .debug_macro   0x0000000000000e8d       0x22 ./Core/Src/clock.o
 .debug_macro   0x0000000000000eaf       0x8e ./Core/Src/clock.o
 .debug_macro   0x0000000000000f3d       0x51 ./Core/Src/clock.o
 .debug_macro   0x0000000000000f8e      0x103 ./Core/Src/clock.o
 .debug_macro   0x0000000000001091       0x6a ./Core/Src/clock.o
 .debug_macro   0x00000000000010fb      0x1df ./Core/Src/clock.o
 .debug_macro   0x00000000000012da       0x1c ./Core/Src/clock.o
 .debug_macro   0x00000000000012f6       0x22 ./Core/Src/clock.o
 .debug_macro   0x0000000000001318      0x101 ./Core/Src/clock.o
 .debug_macro   0x0000000000001419     0x1011 ./Core/Src/clock.o
 .debug_macro   0x000000000000242a      0x11f ./Core/Src/clock.o
 .debug_macro   0x0000000000002549    0x1a13d ./Core/Src/clock.o
 .debug_macro   0x000000000001c686       0x43 ./Core/Src/clock.o
 .debug_macro   0x000000000001c6c9     0x3897 ./Core/Src/clock.o
 .debug_macro   0x000000000001ff60      0x174 ./Core/Src/clock.o
 .debug_macro   0x00000000000200d4       0x5c ./Core/Src/clock.o
 .debug_macro   0x0000000000020130     0x155f ./Core/Src/clock.o
 .debug_macro   0x000000000002168f      0x59e ./Core/Src/clock.o
 .debug_macro   0x0000000000021c2d      0x13d ./Core/Src/clock.o
 .debug_macro   0x0000000000021d6a      0x18b ./Core/Src/clock.o
 .debug_macro   0x0000000000021ef5      0x26b ./Core/Src/clock.o
 .debug_macro   0x0000000000022160      0x23d ./Core/Src/clock.o
 .debug_macro   0x000000000002239d      0x241 ./Core/Src/clock.o
 .debug_macro   0x00000000000225de      0x37c ./Core/Src/clock.o
 .debug_macro   0x000000000002295a       0xd6 ./Core/Src/clock.o
 .debug_macro   0x0000000000022a30      0x22c ./Core/Src/clock.o
 .debug_macro   0x0000000000022c5c       0x61 ./Core/Src/clock.o
 .debug_macro   0x0000000000022cbd       0xa5 ./Core/Src/clock.o
 .debug_macro   0x0000000000022d62      0x122 ./Core/Src/clock.o
 .debug_macro   0x0000000000022e84      0x3e9 ./Core/Src/clock.o
 .debug_macro   0x000000000002326d      0x5ba ./Core/Src/clock.o
 .debug_macro   0x0000000000023827       0x44 ./Core/Src/clock.o
 .debug_macro   0x000000000002386b      0x331 ./Core/Src/clock.o
 .debug_macro   0x0000000000023b9c       0xd0 ./Core/Src/clock.o
 .debug_macro   0x0000000000023c6c      0x1de ./Core/Src/gpio.o
 .debug_macro   0x0000000000023e4a      0x219 ./Core/Src/main.o
 .debug_macro   0x0000000000024063       0x22 ./Core/Src/main.o
 .debug_macro   0x0000000000024085      0x1f1 ./Core/Src/pingpong.o
 .debug_macro   0x0000000000024276      0x1f1 ./Core/Src/pingpong_functions.o
 .debug_macro   0x0000000000024467      0x1d4 ./Core/Src/stm32l4xx_hal_msp.o
 .debug_macro   0x000000000002463b      0x1de ./Core/Src/stm32l4xx_it.o
 .debug_macro   0x0000000000024819      0x1c5 ./Core/Src/system_stm32l4xx.o
 .debug_macro   0x00000000000249de      0x1de ./Core/Src/usart.o
 .debug_macro   0x0000000000024bbc      0x213 ./Drivers/STM32L4xx_HAL_Driver/Src/stm32l4xx_hal.o
 .debug_macro   0x0000000000024dcf      0x1c5 ./Drivers/STM32L4xx_HAL_Driver/Src/stm32l4xx_hal_cortex.o
 .debug_macro   0x0000000000024f94      0x204 ./Drivers/STM32L4xx_HAL_Driver/Src/stm32l4xx_hal_gpio.o
 .debug_macro   0x0000000000025198      0x1e9 ./Drivers/STM32L4xx_HAL_Driver/Src/stm32l4xx_hal_pwr_ex.o
 .debug_macro   0x0000000000025381      0x207 ./Drivers/STM32L4xx_HAL_Driver/Src/stm32l4xx_hal_rcc.o
 .debug_macro   0x0000000000025588      0x1fb ./Drivers/STM32L4xx_HAL_Driver/Src/stm32l4xx_hal_rcc_ex.o
 .debug_macro   0x0000000000025783      0x1f0 ./Drivers/STM32L4xx_HAL_Driver/Src/stm32l4xx_hal_uart.o

.debug_line     0x0000000000000000     0xb5c6
 .debug_line    0x0000000000000000      0x768 ./Core/Src/clock.o
 .debug_line    0x0000000000000768      0x741 ./Core/Src/gpio.o
 .debug_line    0x0000000000000ea9      0x743 ./Core/Src/main.o
 .debug_line    0x00000000000015ec      0x8aa ./Core/Src/pingpong.o
 .debug_line    0x0000000000001e96      0x819 ./Core/Src/pingpong_functions.o
 .debug_line    0x00000000000026af      0x6f8 ./Core/Src/stm32l4xx_hal_msp.o
 .debug_line    0x0000000000002da7      0x7ba ./Core/Src/stm32l4xx_it.o
 .debug_line    0x0000000000003561      0x7a8 ./Core/Src/system_stm32l4xx.o
 .debug_line    0x0000000000003d09      0x779 ./Core/Src/usart.o
 .debug_line    0x0000000000004482       0x87 ./Core/Startup/startup_stm32l476rgtx.o
 .debug_line    0x0000000000004509      0xae8 ./Drivers/STM32L4xx_HAL_Driver/Src/stm32l4xx_hal.o
 .debug_line    0x0000000000004ff1      0xc8e ./Drivers/STM32L4xx_HAL_Driver/Src/stm32l4xx_hal_cortex.o
 .debug_line    0x0000000000005c7f      0xb61 ./Drivers/STM32L4xx_HAL_Driver/Src/stm32l4xx_hal_gpio.o
 .debug_line    0x00000000000067e0      0xca3 ./Drivers/STM32L4xx_HAL_Driver/Src/stm32l4xx_hal_pwr_ex.o
 .debug_line    0x0000000000007483      0xf2b ./Drivers/STM32L4xx_HAL_Driver/Src/stm32l4xx_hal_rcc.o
 .debug_line    0x00000000000083ae     0x14a0 ./Drivers/STM32L4xx_HAL_Driver/Src/stm32l4xx_hal_rcc_ex.o
 .debug_line    0x000000000000984e     0x1d78 ./Drivers/STM32L4xx_HAL_Driver/Src/stm32l4xx_hal_uart.o

.debug_str      0x0000000000000000    0xe54c3
 .debug_str     0x0000000000000000    0xe2820 ./Core/Src/clock.o
                                      0xe2b1d (size before relaxing)
 .debug_str     0x00000000000e2820      0x1d8 ./Core/Src/gpio.o
                                      0xe2782 (size before relaxing)
 .debug_str     0x00000000000e29f8       0x8d ./Core/Src/main.o
                                      0xe2a57 (size before relaxing)
 .debug_str     0x00000000000e2a85       0xb2 ./Core/Src/pingpong.o
                                      0xe2692 (size before relaxing)
 .debug_str     0x00000000000e2b37       0x78 ./Core/Src/pingpong_functions.o
                                      0xe26ac (size before relaxing)
 .debug_str     0x00000000000e2baf       0x2c ./Core/Src/stm32l4xx_hal_msp.o
                                      0xe26e0 (size before relaxing)
 .debug_str     0x00000000000e2bdb       0xbd ./Core/Src/stm32l4xx_it.o
                                      0xe2621 (size before relaxing)
 .debug_str     0x00000000000e2c98       0xb8 ./Core/Src/system_stm32l4xx.o
                                      0xe2486 (size before relaxing)
 .debug_str     0x00000000000e2d50      0x2b1 ./Core/Src/usart.o
                                      0xe2e03 (size before relaxing)
 .debug_str     0x00000000000e3001       0x36 ./Core/Startup/startup_stm32l476rgtx.o
                                         0x78 (size before relaxing)
 .debug_str     0x00000000000e3037      0xa66 ./Drivers/STM32L4xx_HAL_Driver/Src/stm32l4xx_hal.o
                                      0xe2ff1 (size before relaxing)
 .debug_str     0x00000000000e3a9d      0x389 ./Drivers/STM32L4xx_HAL_Driver/Src/stm32l4xx_hal_cortex.o
                                      0xe2cf5 (size before relaxing)
 .debug_str     0x00000000000e3e26      0x236 ./Drivers/STM32L4xx_HAL_Driver/Src/stm32l4xx_hal_gpio.o
                                      0xe2720 (size before relaxing)
 .debug_str     0x00000000000e405c      0x4b4 ./Drivers/STM32L4xx_HAL_Driver/Src/stm32l4xx_hal_pwr_ex.o
                                      0xe29bc (size before relaxing)
 .debug_str     0x00000000000e4510      0x34e ./Drivers/STM32L4xx_HAL_Driver/Src/stm32l4xx_hal_rcc.o
                                      0xe2a63 (size before relaxing)
 .debug_str     0x00000000000e485e      0x3a6 ./Drivers/STM32L4xx_HAL_Driver/Src/stm32l4xx_hal_rcc_ex.o
                                      0xe2bf4 (size before relaxing)
 .debug_str     0x00000000000e4c04      0x8bf ./Drivers/STM32L4xx_HAL_Driver/Src/stm32l4xx_hal_uart.o
                                      0xe30e5 (size before relaxing)

.comment        0x0000000000000000       0x53
 .comment       0x0000000000000000       0x53 ./Core/Src/clock.o
                                         0x54 (size before relaxing)
 .comment       0x0000000000000053       0x54 ./Core/Src/gpio.o
 .comment       0x0000000000000053       0x54 ./Core/Src/main.o
 .comment       0x0000000000000053       0x54 ./Core/Src/pingpong.o
 .comment       0x0000000000000053       0x54 ./Core/Src/pingpong_functions.o
 .comment       0x0000000000000053       0x54 ./Core/Src/stm32l4xx_hal_msp.o
 .comment       0x0000000000000053       0x54 ./Core/Src/stm32l4xx_it.o
 .comment       0x0000000000000053       0x54 ./Core/Src/system_stm32l4xx.o
 .comment       0x0000000000000053       0x54 ./Core/Src/usart.o
 .comment       0x0000000000000053       0x54 ./Drivers/STM32L4xx_HAL_Driver/Src/stm32l4xx_hal.o
 .comment       0x0000000000000053       0x54 ./Drivers/STM32L4xx_HAL_Driver/Src/stm32l4xx_hal_cortex.o
 .comment       0x0000000000000053       0x54 ./Drivers/STM32L4xx_HAL_Driver/Src/stm32l4xx_hal_gpio.o
 .comment       0x0000000000000053       0x54 ./Drivers/STM32L4xx_HAL_Driver/Src/stm32l4xx_hal_pwr_ex.o
 .comment       0x0000000000000053       0x54 ./Drivers/STM32L4xx_HAL_Driver/Src/stm32l4xx_hal_rcc.o
 .comment       0x0000000000000053       0x54 ./Drivers/STM32L4xx_HAL_Driver/Src/stm32l4xx_hal_rcc_ex.o
 .comment       0x0000000000000053       0x54 ./Drivers/STM32L4xx_HAL_Driver/Src/stm32l4xx_hal_uart.o

.debug_frame    0x0000000000000000     0x2404
 .debug_frame   0x0000000000000000       0x4c ./Core/Src/clock.o
 .debug_frame   0x000000000000004c       0x34 ./Core/Src/gpio.o
 .debug_frame   0x0000000000000080       0x2c ./Core/Src/main.o
 .debug_frame   0x00000000000000ac       0x30 ./Core/Src/pingpong.o
 .debug_frame   0x00000000000000dc       0xdc ./Core/Src/pingpong_functions.o
 .debug_frame   0x00000000000001b8       0x38 ./Core/Src/stm32l4xx_hal_msp.o
 .debug_frame   0x00000000000001f0      0x104 ./Core/Src/stm32l4xx_it.o
 .debug_frame   0x00000000000002f4       0x58 ./Core/Src/system_stm32l4xx.o
 .debug_frame   0x000000000000034c       0x78 ./Core/Src/usart.o
 .debug_frame   0x00000000000003c4      0x498 ./Drivers/STM32L4xx_HAL_Driver/Src/stm32l4xx_hal.o
 .debug_frame   0x000000000000085c      0x498 ./Drivers/STM32L4xx_HAL_Driver/Src/stm32l4xx_hal_cortex.o
 .debug_frame   0x0000000000000cf4      0x14c ./Drivers/STM32L4xx_HAL_Driver/Src/stm32l4xx_hal_gpio.o
 .debug_frame   0x0000000000000e40      0x544 ./Drivers/STM32L4xx_HAL_Driver/Src/stm32l4xx_hal_pwr_ex.o
 .debug_frame   0x0000000000001384      0x1f4 ./Drivers/STM32L4xx_HAL_Driver/Src/stm32l4xx_hal_rcc.o
 .debug_frame   0x0000000000001578      0x2fc ./Drivers/STM32L4xx_HAL_Driver/Src/stm32l4xx_hal_rcc_ex.o
 .debug_frame   0x0000000000001874      0x9e4 ./Drivers/STM32L4xx_HAL_Driver/Src/stm32l4xx_hal_uart.o
 .debug_frame   0x0000000000002258       0x2c /Applications/STM32CubeIDE.app/Contents/Eclipse/plugins/com.st.stm32cube.ide.mcu.externaltools.gnu-tools-for-stm32.9-2020-q2-update.macos64_2.0.0.202105311346/tools/bin/../lib/gcc/arm-none-eabi/9.3.1/../../../../arm-none-eabi/lib/thumb/v7e-m+fp/hard/libc_nano.a(lib_a-init.o)
 .debug_frame   0x0000000000002284       0x20 /Applications/STM32CubeIDE.app/Contents/Eclipse/plugins/com.st.stm32cube.ide.mcu.externaltools.gnu-tools-for-stm32.9-2020-q2-update.macos64_2.0.0.202105311346/tools/bin/../lib/gcc/arm-none-eabi/9.3.1/../../../../arm-none-eabi/lib/thumb/v7e-m+fp/hard/libc_nano.a(lib_a-memset.o)
 .debug_frame   0x00000000000022a4       0x30 /Applications/STM32CubeIDE.app/Contents/Eclipse/plugins/com.st.stm32cube.ide.mcu.externaltools.gnu-tools-for-stm32.9-2020-q2-update.macos64_2.0.0.202105311346/tools/bin/../lib/gcc/arm-none-eabi/9.3.1/thumb/v7e-m+fp/hard/libgcc.a(_arm_muldf3.o)
 .debug_frame   0x00000000000022d4       0xac /Applications/STM32CubeIDE.app/Contents/Eclipse/plugins/com.st.stm32cube.ide.mcu.externaltools.gnu-tools-for-stm32.9-2020-q2-update.macos64_2.0.0.202105311346/tools/bin/../lib/gcc/arm-none-eabi/9.3.1/thumb/v7e-m+fp/hard/libgcc.a(_arm_addsubdf3.o)
 .debug_frame   0x0000000000002380       0x24 /Applications/STM32CubeIDE.app/Contents/Eclipse/plugins/com.st.stm32cube.ide.mcu.externaltools.gnu-tools-for-stm32.9-2020-q2-update.macos64_2.0.0.202105311346/tools/bin/../lib/gcc/arm-none-eabi/9.3.1/thumb/v7e-m+fp/hard/libgcc.a(_arm_fixunsdfsi.o)
 .debug_frame   0x00000000000023a4       0x2c /Applications/STM32CubeIDE.app/Contents/Eclipse/plugins/com.st.stm32cube.ide.mcu.externaltools.gnu-tools-for-stm32.9-2020-q2-update.macos64_2.0.0.202105311346/tools/bin/../lib/gcc/arm-none-eabi/9.3.1/thumb/v7e-m+fp/hard/libgcc.a(_aeabi_uldivmod.o)
 .debug_frame   0x00000000000023d0       0x34 /Applications/STM32CubeIDE.app/Contents/Eclipse/plugins/com.st.stm32cube.ide.mcu.externaltools.gnu-tools-for-stm32.9-2020-q2-update.macos64_2.0.0.202105311346/tools/bin/../lib/gcc/arm-none-eabi/9.3.1/thumb/v7e-m+fp/hard/libgcc.a(_udivmoddi4.o)
